[    0.000000] Initializing cgroup subsys cpuset
[    0.000000] Initializing cgroup subsys cpu
[    0.000000] Initializing cgroup subsys cpuacct
[    0.000000] Linux version 4.4.0-176-generic (buildd@lgw01-amd64-035) (gcc version 5.4.0 20160609 (Ubuntu 5.4.0-6ubuntu1~16.04.12) ) #206-Ubuntu SMP Fri Feb 28 05:02:04 UTC 2020 (Ubuntu 4.4.0-176.206-generic 4.4.211)
[    0.000000] Command line: BOOT_IMAGE=/boot/vmlinuz-4.4.0-176-generic root=UUID=7be769cf-66ed-4576-a506-b6252a552df1 ro console=tty1 console=ttyS0
[    0.000000] KERNEL supported cpus:
[    0.000000]   Intel GenuineIntel
[    0.000000]   AMD AuthenticAMD
[    0.000000]   Centaur CentaurHauls
[    0.000000] x86/fpu: xstate_offset[2]:  576, xstate_sizes[2]:  256
[    0.000000] x86/fpu: Supporting XSAVE feature 0x01: 'x87 floating point registers'
[    0.000000] x86/fpu: Supporting XSAVE feature 0x02: 'SSE registers'
[    0.000000] x86/fpu: Supporting XSAVE feature 0x04: 'AVX registers'
[    0.000000] x86/fpu: Enabled xstate features 0x7, context size is 832 bytes, using 'standard' format.
[    0.000000] e820: BIOS-provided physical RAM map:
[    0.000000] BIOS-e820: [mem 0x0000000000000000-0x000000000009fbff] usable
[    0.000000] BIOS-e820: [mem 0x000000000009fc00-0x000000000009ffff] reserved
[    0.000000] BIOS-e820: [mem 0x00000000000f0000-0x00000000000fffff] reserved
[    0.000000] BIOS-e820: [mem 0x0000000000100000-0x00000000dffeffff] usable
[    0.000000] BIOS-e820: [mem 0x00000000dfff0000-0x00000000dfffffff] ACPI data
[    0.000000] BIOS-e820: [mem 0x00000000fec00000-0x00000000fec00fff] reserved
[    0.000000] BIOS-e820: [mem 0x00000000fee00000-0x00000000fee00fff] reserved
[    0.000000] BIOS-e820: [mem 0x00000000fffc0000-0x00000000ffffffff] reserved
[    0.000000] BIOS-e820: [mem 0x0000000100000000-0x000000011fffffff] usable
[    0.000000] NX (Execute Disable) protection: active
[    0.000000] SMBIOS 2.5 present.
[    0.000000] Hypervisor detected: KVM
[    0.000000] e820: last_pfn = 0x120000 max_arch_pfn = 0x400000000
[    0.000000] MTRR: Disabled
[    0.000000] x86/PAT: MTRRs disabled, skipping PAT initialization too.
[    0.000000] CPU MTRRs all blank - virtualized system.
[    0.000000] x86/PAT: Configuration [0-7]: WB  WT  UC- UC  WB  WT  UC- UC  
[    0.000000] e820: last_pfn = 0xdfff0 max_arch_pfn = 0x400000000
[    0.000000] found SMP MP-table at [mem 0x0009fff0-0x0009ffff] mapped at [ffff88000009fff0]
[    0.000000] Scanning 1 areas for low memory corruption
[    0.000000] RAMDISK: [mem 0x361ca000-0x370dcfff]
[    0.000000] ACPI: Early table checksum verification disabled
[    0.000000] ACPI: RSDP 0x00000000000E0000 000024 (v02 VBOX  )
[    0.000000] ACPI: XSDT 0x00000000DFFF0030 00003C (v01 VBOX   VBOXXSDT 00000001 ASL  00000061)
[    0.000000] ACPI: FACP 0x00000000DFFF00F0 0000F4 (v04 VBOX   VBOXFACP 00000001 ASL  00000061)
[    0.000000] ACPI: DSDT 0x00000000DFFF0470 0022EA (v02 VBOX   VBOXBIOS 00000002 INTL 20100528)
[    0.000000] ACPI: FACS 0x00000000DFFF0200 000040
[    0.000000] ACPI: FACS 0x00000000DFFF0200 000040
[    0.000000] ACPI: APIC 0x00000000DFFF0240 00005C (v02 VBOX   VBOXAPIC 00000001 ASL  00000061)
[    0.000000] ACPI: SSDT 0x00000000DFFF02A0 0001CC (v01 VBOX   VBOXCPUT 00000002 INTL 20100528)
[    0.000000] No NUMA configuration found
[    0.000000] Faking a node at [mem 0x0000000000000000-0x000000011fffffff]
[    0.000000] NODE_DATA(0) allocated [mem 0x11fff7000-0x11fffbfff]
[    0.000000] kvm-clock: Using msrs 4b564d01 and 4b564d00
[    0.000000] kvm-clock: cpu 0, msr 1:1ffef001, primary cpu clock
[    0.000000] kvm-clock: using sched offset of 3713128602 cycles
[    0.000000] clocksource: kvm-clock: mask: 0xffffffffffffffff max_cycles: 0x1cd42e4dffb, max_idle_ns: 881590591483 ns
[    0.000000] Zone ranges:
[    0.000000]   DMA      [mem 0x0000000000001000-0x0000000000ffffff]
[    0.000000]   DMA32    [mem 0x0000000001000000-0x00000000ffffffff]
[    0.000000]   Normal   [mem 0x0000000100000000-0x000000011fffffff]
[    0.000000]   Device   empty
[    0.000000] Movable zone start for each node
[    0.000000] Early memory node ranges
[    0.000000]   node   0: [mem 0x0000000000001000-0x000000000009efff]
[    0.000000]   node   0: [mem 0x0000000000100000-0x00000000dffeffff]
[    0.000000]   node   0: [mem 0x0000000100000000-0x000000011fffffff]
[    0.000000] Initmem setup node 0 [mem 0x0000000000001000-0x000000011fffffff]
[    0.000000] ACPI: PM-Timer IO Port: 0x4008
[    0.000000] IOAPIC[0]: apic_id 2, version 32, address 0xfec00000, GSI 0-23
[    0.000000] ACPI: INT_SRC_OVR (bus 0 bus_irq 0 global_irq 2 dfl dfl)
[    0.000000] ACPI: INT_SRC_OVR (bus 0 bus_irq 9 global_irq 9 low level)
[    0.000000] Using ACPI (MADT) for SMP configuration information
[    0.000000] smpboot: Allowing 2 CPUs, 0 hotplug CPUs
[    0.000000] PM: Registered nosave memory: [mem 0x00000000-0x00000fff]
[    0.000000] PM: Registered nosave memory: [mem 0x0009f000-0x0009ffff]
[    0.000000] PM: Registered nosave memory: [mem 0x000a0000-0x000effff]
[    0.000000] PM: Registered nosave memory: [mem 0x000f0000-0x000fffff]
[    0.000000] PM: Registered nosave memory: [mem 0xdfff0000-0xdfffffff]
[    0.000000] PM: Registered nosave memory: [mem 0xe0000000-0xfebfffff]
[    0.000000] PM: Registered nosave memory: [mem 0xfec00000-0xfec00fff]
[    0.000000] PM: Registered nosave memory: [mem 0xfec01000-0xfedfffff]
[    0.000000] PM: Registered nosave memory: [mem 0xfee00000-0xfee00fff]
[    0.000000] PM: Registered nosave memory: [mem 0xfee01000-0xfffbffff]
[    0.000000] PM: Registered nosave memory: [mem 0xfffc0000-0xffffffff]
[    0.000000] e820: [mem 0xe0000000-0xfebfffff] available for PCI devices
[    0.000000] Booting paravirtualized kernel on KVM
[    0.000000] clocksource: refined-jiffies: mask: 0xffffffff max_cycles: 0xffffffff, max_idle_ns: 7645519600211568 ns
[    0.000000] setup_percpu: NR_CPUS:512 nr_cpumask_bits:512 nr_cpu_ids:2 nr_node_ids:1
[    0.000000] PERCPU: Embedded 33 pages/cpu @ffff88011fc00000 s95448 r8192 d31528 u1048576
[    0.000000] Built 1 zonelists in Node order, mobility grouping on.  Total pages: 1032056
[    0.000000] Policy zone: Normal
[    0.000000] Kernel command line: BOOT_IMAGE=/boot/vmlinuz-4.4.0-176-generic root=UUID=7be769cf-66ed-4576-a506-b6252a552df1 ro console=tty1 console=ttyS0
[    0.000000] PID hash table entries: 4096 (order: 3, 32768 bytes)
[    0.000000] Memory: 4027628K/4193848K available (8626K kernel code, 1336K rwdata, 4032K rodata, 1488K init, 1292K bss, 166220K reserved, 0K cma-reserved)
[    0.000000] SLUB: HWalign=64, Order=0-3, MinObjects=0, CPUs=2, Nodes=1
[    0.000000] Kernel/User page tables isolation: enabled
[    0.000000] Hierarchical RCU implementation.
[    0.000000] 	Build-time adjustment of leaf fanout to 64.
[    0.000000] 	RCU restricting CPUs from NR_CPUS=512 to nr_cpu_ids=2.
[    0.000000] RCU: Adjusting geometry for rcu_fanout_leaf=64, nr_cpu_ids=2
[    0.000000] NR_IRQS:33024 nr_irqs:440 16
[    0.000000] Console: colour VGA+ 80x25
[    0.000000] console [tty1] enabled
[    0.000000] console [ttyS0] enabled
[    0.000000] tsc: Detected 1992.004 MHz processor
[    0.241355] Calibrating delay loop (skipped) preset value.. 3984.00 BogoMIPS (lpj=7968016)
[    0.243554] pid_max: default: 32768 minimum: 301
[    0.244663] ACPI: Core revision 20150930
[    0.247103] ACPI: 2 ACPI AML tables successfully acquired and loaded
[    0.248723] Security Framework initialized
[    0.249673] Yama: becoming mindful.
[    0.250657] AppArmor: AppArmor initialized
[    0.253249] Dentry cache hash table entries: 524288 (order: 10, 4194304 bytes)
[    0.258434] Inode-cache hash table entries: 262144 (order: 9, 2097152 bytes)
[    0.260522] Mount-cache hash table entries: 8192 (order: 4, 65536 bytes)
[    0.262253] Mountpoint-cache hash table entries: 8192 (order: 4, 65536 bytes)
[    0.265515] Initializing cgroup subsys io
[    0.266639] Initializing cgroup subsys memory
[    0.267642] Initializing cgroup subsys devices
[    0.268708] Initializing cgroup subsys freezer
[    0.269709] Initializing cgroup subsys net_cls
[    0.270721] Initializing cgroup subsys perf_event
[    0.271740] Initializing cgroup subsys net_prio
[    0.272862] Initializing cgroup subsys hugetlb
[    0.273949] Initializing cgroup subsys pids
[    0.276474] mce: CPU supports 0 MCE banks
[    0.277521] Last level iTLB entries: 4KB 64, 2MB 8, 4MB 8
[    0.278733] Last level dTLB entries: 4KB 64, 2MB 0, 4MB 0, 1GB 4
[    0.279949] Spectre V1 : Mitigation: usercopy/swapgs barriers and __user pointer sanitization
[    0.281814] Spectre V2 : Mitigation: Full generic retpoline
[    0.282991] Spectre V2 : Spectre v2 / SpectreRSB mitigation: Filling RSB on context switch
[    0.284945] Speculative Store Bypass: Vulnerable
[    0.286055] MDS: Mitigation: Clear CPU buffers
[    0.289744] Freeing SMP alternatives memory: 36K
[    0.296952] ftrace: allocating 32305 entries in 127 pages
[    0.355917] smpboot: APIC(0) Converting physical 0 to logical package 0
[    0.357376] smpboot: Max logical packages: 1
[    0.358695] x2apic enabled
[    0.359668] Switched APIC routing to physical x2apic.
[    0.362021] ..TIMER: vector=0x30 apic1=0 pin1=2 apic2=-1 pin2=-1
[    0.471418] smpboot: CPU0: Intel(R) Core(TM) i7-8550U CPU @ 1.80GHz (family: 0x6, model: 0x8e, stepping: 0xa)
[    0.475348] Performance Events: unsupported p6 CPU model 142 no PMU driver, software events only.
[    0.485679] KVM setup paravirtual spinlock
[    0.487235] x86: Booting SMP configuration:
[    0.488138] .... node  #0, CPUs:      #1
[    0.489253] kvm-clock: cpu 1, msr 1:1ffef041, secondary cpu clock
[    0.492065] mce: CPU supports 0 MCE banks
[    0.494853] x86: Booted up 1 node, 2 CPUs
[    0.496027] smpboot: Total of 2 processors activated (7968.01 BogoMIPS)
[    0.498161] devtmpfs: initialized
[    0.500769] evm: security.selinux
[    0.501590] evm: security.SMACK64
[    0.502471] evm: security.SMACK64EXEC
[    0.503388] evm: security.SMACK64TRANSMUTE
[    0.504291] evm: security.SMACK64MMAP
[    0.505178] evm: security.ima
[    0.505934] evm: security.capability
[    0.507168] clocksource: jiffies: mask: 0xffffffff max_cycles: 0xffffffff, max_idle_ns: 7645041785100000 ns
[    0.509842] futex hash table entries: 512 (order: 3, 32768 bytes)
[    0.511329] pinctrl core: initialized pinctrl subsystem
[    0.512572] RTC time:  9:29:03, date: 03/26/20
[    0.513964] NET: Registered protocol family 16
[    0.522558] cpuidle: using governor ladder
[    0.535651] cpuidle: using governor menu
[    0.536572] PCCT header not found.
[    0.537473] ACPI: bus type PCI registered
[    0.538425] acpiphp: ACPI Hot Plug PCI Controller Driver version: 0.5
[    0.540035] PCI: Using configuration type 1 for base access
[    0.556145] ACPI: Added _OSI(Module Device)
[    0.557284] ACPI: Added _OSI(Processor Device)
[    0.558455] ACPI: Added _OSI(3.0 _SCP Extensions)
[    0.559595] ACPI: Added _OSI(Processor Aggregator Device)
[    0.561302] ACPI: Executed 1 blocks of module-level executable AML code
[    0.564902] ACPI: Interpreter enabled
[    0.565944] ACPI: (supports S0 S5)
[    0.567006] ACPI: Using IOAPIC for interrupt routing
[    0.568155] PCI: Using host bridge windows from ACPI; if necessary, use "pci=nocrs" and report a bug
[    0.573411] ACPI: PCI Root Bridge [PCI0] (domain 0000 [bus 00-ff])
[    0.575238] acpi PNP0A03:00: _OSC: OS supports [ASPM ClockPM Segments MSI]
[    0.577138] acpi PNP0A03:00: _OSC: not requesting OS control; OS requires [ExtendedConfig ASPM ClockPM MSI]
[    0.579279] acpi PNP0A03:00: fail to add MMCONFIG information, can't access extended PCI configuration space under this bridge.
[    0.581892] PCI host bridge to bus 0000:00
[    0.595536] pci_bus 0000:00: root bus resource [io  0x0000-0x0cf7 window]
[    0.596930] pci_bus 0000:00: root bus resource [io  0x0d00-0xffff window]
[    0.598317] pci_bus 0000:00: root bus resource [mem 0x000a0000-0x000bffff window]
[    0.600183] pci_bus 0000:00: root bus resource [mem 0xe0000000-0xfdffffff window]
[    0.601884] pci_bus 0000:00: root bus resource [bus 00-ff]
[    0.604832] pci 0000:00:01.1: legacy IDE quirk: reg 0x10: [io  0x01f0-0x01f7]
[    0.606325] pci 0000:00:01.1: legacy IDE quirk: reg 0x14: [io  0x03f6]
[    0.608000] pci 0000:00:01.1: legacy IDE quirk: reg 0x18: [io  0x0170-0x0177]
[    0.609470] pci 0000:00:01.1: legacy IDE quirk: reg 0x1c: [io  0x0376]
[    0.649910] pci 0000:00:07.0: quirk: [io  0x4000-0x403f] claimed by PIIX4 ACPI
[    0.651643] pci 0000:00:07.0: quirk: [io  0x4100-0x410f] claimed by PIIX4 SMB
[    0.664914] ACPI: PCI Interrupt Link [LNKA] (IRQs 5 9 10 *11)
[    0.666910] ACPI: PCI Interrupt Link [LNKB] (IRQs 5 9 *10 11)
[    0.668842] ACPI: PCI Interrupt Link [LNKC] (IRQs 5 *9 10 11)
[    0.670647] ACPI: PCI Interrupt Link [LNKD] (IRQs 5 9 10 *11)
[    0.672453] ACPI: Enabled 2 GPEs in block 00 to 07
[    0.673883] vgaarb: setting as boot device: PCI:0000:00:02.0
[    0.675331] vgaarb: device added: PCI:0000:00:02.0,decodes=io+mem,owns=io+mem,locks=none
[    0.677044] vgaarb: loaded
[    0.677785] vgaarb: bridge control possible 0000:00:02.0
[    0.679270] SCSI subsystem initialized
[    0.680302] ACPI: bus type USB registered
[    0.681283] usbcore: registered new interface driver usbfs
[    0.682526] usbcore: registered new interface driver hub
[    0.683654] usbcore: registered new device driver usb
[    0.685042] PCI: Using ACPI for IRQ routing
[    0.686319] NetLabel: Initializing
[    0.687105] NetLabel:  domain hash size = 128
[    0.688172] NetLabel:  protocols = UNLABELED CIPSOv4
[    0.689356] NetLabel:  unlabeled traffic allowed by default
[    0.690692] amd_nb: Cannot enumerate AMD northbridges
[    0.693460] clocksource: Switched to clocksource kvm-clock
[    0.702724] AppArmor: AppArmor Filesystem Enabled
[    0.703991] pnp: PnP ACPI init
[    0.705530] pnp: PnP ACPI: found 3 devices
[    0.716962] clocksource: acpi_pm: mask: 0xffffff max_cycles: 0xffffff, max_idle_ns: 2085701024 ns
[    0.719339] NET: Registered protocol family 2
[    0.720502] TCP established hash table entries: 32768 (order: 6, 262144 bytes)
[    0.722307] TCP bind hash table entries: 32768 (order: 7, 524288 bytes)
[    0.725315] TCP: Hash tables configured (established 32768 bind 32768)
[    0.726758] UDP hash table entries: 2048 (order: 4, 65536 bytes)
[    0.728164] UDP-Lite hash table entries: 2048 (order: 4, 65536 bytes)
[    0.729647] NET: Registered protocol family 1
[    0.730712] pci 0000:00:00.0: Limiting direct PCI/PCI transfers
[    0.731964] pci 0000:00:01.0: Activating ISA DMA hang workarounds
[    0.733298] Unpacking initramfs...
[    0.959291] Freeing initrd memory: 15436K
[    0.960648] PCI-DMA: Using software bounce buffering for IO (SWIOTLB)
[    0.961921] software IO TLB: mapped [mem 0xdbff0000-0xdfff0000] (64MB)
[    0.963272] clocksource: tsc: mask: 0xffffffffffffffff max_cycles: 0x396d59a56c3, max_idle_ns: 881590573781 ns
[    0.965561] platform rtc_cmos: registered platform RTC device (no PNP device found)
[    0.967332] Scanning for low memory corruption every 60 seconds
[    0.969440] audit: initializing netlink subsys (disabled)
[    0.970827] audit: type=2000 audit(1585214948.943:1): initialized
[    0.972325] Initialise system trusted keyring
[    0.973541] HugeTLB registered 2 MB page size, pre-allocated 0 pages
[    0.976357] zbud: loaded
[    0.977695] VFS: Disk quotas dquot_6.6.0
[    0.978660] VFS: Dquot-cache hash table entries: 512 (order 0, 4096 bytes)
[    0.980276] squashfs: version 4.0 (2009/01/31) Phillip Lougher
[    0.982088] fuse init (API version 7.23)
[    0.983373] Key type big_key registered
[    0.984268] Allocating IMA MOK and blacklist keyrings.
[    0.988286] Key type asymmetric registered
[    0.989258] Asymmetric key parser 'x509' registered
[    0.990344] Block layer SCSI generic (bsg) driver version 0.4 loaded (major 249)
[    0.992194] io scheduler noop registered
[    0.993076] io scheduler deadline registered (default)
[    0.994343] io scheduler cfq registered
[    0.995330] pci_hotplug: PCI Hot Plug PCI Core version: 0.5
[    0.996405] pciehp: PCI Express Hot Plug Controller Driver version: 0.4
[    0.997797] ACPI: AC Adapter [AC] (on-line)
[    0.998737] input: Power Button as /devices/LNXSYSTM:00/LNXPWRBN:00/input/input0
[    1.000320] ACPI: Power Button [PWRF]
[    1.001162] input: Sleep Button as /devices/LNXSYSTM:00/LNXSLPBN:00/input/input1
[    1.003088] ACPI: Sleep Button [SLPF]
[    1.004260] GHES: HEST is not enabled!
[    1.004911] ACPI: Battery Slot [BAT0] (battery present)
[    1.006472] Serial: 8250/16550 driver, 32 ports, IRQ sharing enabled
[    1.028450] 00:02: ttyS0 at I/O 0x3f8 (irq = 4, base_baud = 115200) is a 16550A
[    1.034685] Linux agpgart interface v0.103
[    1.038178] loop: module loaded
[    1.039542] scsi host0: ata_piix
[    1.040620] scsi host1: ata_piix
[    1.041600] ata1: PATA max UDMA/33 cmd 0x1f0 ctl 0x3f6 bmdma 0xd000 irq 14
[    1.043554] ata2: PATA max UDMA/33 cmd 0x170 ctl 0x376 bmdma 0xd008 irq 15
[    1.045235] libphy: Fixed MDIO Bus: probed
[    1.046462] tun: Universal TUN/TAP device driver, 1.6
[    1.047664] tun: (C) 1999-2004 Max Krasnyansky <maxk@qualcomm.com>
[    1.049108] PPP generic driver version 2.4.2
[    1.050397] ehci_hcd: USB 2.0 'Enhanced' Host Controller (EHCI) Driver
[    1.051696] ehci-pci: EHCI PCI platform driver
[    1.052742] ehci-platform: EHCI generic platform driver
[    1.054024] ohci_hcd: USB 1.1 'Open' Host Controller (OHCI) Driver
[    1.055494] ohci-pci: OHCI PCI platform driver
[    1.056485] ohci-platform: OHCI generic platform driver
[    1.057675] uhci_hcd: USB Universal Host Controller Interface driver
[    1.059333] i8042: PNP: PS/2 Controller [PNP0303:PS2K,PNP0f03:PS2M] at 0x60,0x64 irq 1,12
[    1.061518] serio: i8042 KBD port at 0x60,0x64 irq 1
[    1.062643] serio: i8042 AUX port at 0x60,0x64 irq 12
[    1.064339] mousedev: PS/2 mouse device common for all mice
[    1.066044] input: AT Translated Set 2 keyboard as /devices/platform/i8042/serio0/input/input2
[    1.068504] rtc_cmos rtc_cmos: rtc core: registered rtc_cmos as rtc0
[    1.069818] rtc_cmos rtc_cmos: alarms up to one day, 114 bytes nvram
[    1.071304] i2c /dev entries driver
[    1.072340] device-mapper: uevent: version 1.0.3
[    1.073677] device-mapper: ioctl: 4.34.0-ioctl (2015-10-28) initialised: dm-devel@redhat.com
[    1.076421] ledtrig-cpu: registered to indicate activity on CPUs
[    1.078470] NET: Registered protocol family 10
[    1.079695] NET: Registered protocol family 17
[    1.080866] Key type dns_resolver registered
[    1.082696] registered taskstats version 1
[    1.083731] Loading compiled-in X.509 certificates
[    1.085477] Loaded X.509 cert 'Build time autogenerated kernel key: c2b7431ed9258328a3a0cf301f850647788d8e61'
[    1.087614] zswap: loaded using pool lzo/zbud
[    1.090658] Key type trusted registered
[    1.094605] Key type encrypted registered
[    1.095630] AppArmor: AppArmor sha1 policy hashing enabled
[    1.096858] ima: No TPM chip found, activating TPM-bypass!
[    1.098333] ima: Allocated hash algorithm: sha1
[    1.099437] evm: HMAC attrs: 0x1
[    1.100642]   Magic number: 12:813:475
[    1.101613] rtc_cmos rtc_cmos: setting system clock to 2020-03-26 09:29:03 UTC (1585214943)
[    1.103632] BIOS EDD facility v0.16 2004-Jun-25, 0 devices found
[    1.104869] EDD information not available.
[    1.203230] Freeing unused kernel memory: 1488K
[    1.204260] Write protecting the kernel read-only data: 14336k
[    1.205976] Freeing unused kernel memory: 1604K
[    1.207328] Freeing unused kernel memory: 64K
Loading, please wait...
starting version 229
[    1.221529] random: systemd-udevd: uninitialized urandom read (16 bytes read, 3 bits of entropy available)
[    1.221984] random: udevadm: uninitialized urandom read (16 bytes read, 3 bits of entropy available)
[    1.222001] random: udevadm: uninitialized urandom read (16 bytes read, 3 bits of entropy available)
[    1.229290] random: systemd-udevd: uninitialized urandom read (16 bytes read, 3 bits of entropy available)
[    1.230241] random: udevadm: uninitialized urandom read (16 bytes read, 3 bits of entropy available)
[    1.230280] random: udevadm: uninitialized urandom read (16 bytes read, 3 bits of entropy available)
[    1.230441] random: udevadm: uninitialized urandom read (16 bytes read, 3 bits of entropy available)
[    1.230509] random: udevadm: uninitialized urandom read (16 bytes read, 3 bits of entropy available)
[    1.230587] random: udevadm: uninitialized urandom read (16 bytes read, 3 bits of entropy available)
[    1.230649] random: udevadm: uninitialized urandom read (16 bytes read, 3 bits of entropy available)
[    1.273543] e1000: Intel(R) PRO/1000 Network Driver - version 7.3.21-k8-NAPI
[    1.275541] e1000: Copyright (c) 1999-2006 Intel Corporation.
[    1.282701] Fusion MPT base driver 3.04.20
[    1.283735] Copyright (c) 1999-2008 LSI Corporation
[    1.291016] Fusion MPT SPI Host driver 3.04.20
[    1.300061] AVX2 version of gcm_enc/dec engaged.
[    1.301141] AES CTR mode by8 optimization enabled
[    1.489661] input: ImExPS/2 Generic Explorer Mouse as /devices/platform/i8042/serio1/input/input4
[    1.658625] e1000 0000:00:03.0 eth0: (PCI:33MHz:32-bit) 02:6a:5b:40:72:6f
[    1.660058] e1000 0000:00:03.0 eth0: Intel(R) PRO/1000 Network Connection
[    1.662845] e1000 0000:00:03.0 enp0s3: renamed from eth0
[    1.664019] mptbase: ioc0: Initiating bringup
[    1.726380] ioc0: LSI53C1030 A0: Capabilities={Initiator}
[    1.906732] scsi host2: ioc0: LSI53C1030 A0, FwRev=00000000h, Ports=1, MaxQ=256, IRQ=20
[    2.022236] scsi 2:0:0:0: Direct-Access     VBOX     HARDDISK         1.0  PQ: 0 ANSI: 5
[    2.024365] scsi target2:0:0: Beginning Domain Validation
[    2.029157] scsi target2:0:0: Domain Validation skipping write tests
[    2.030568] scsi target2:0:0: Ending Domain Validation
[    2.031862] scsi target2:0:0: asynchronous
[    2.033882] scsi 2:0:1:0: Direct-Access     VBOX     HARDDISK         1.0  PQ: 0 ANSI: 5
[    2.035804] scsi target2:0:1: Beginning Domain Validation
[    2.039551] scsi target2:0:1: Domain Validation skipping write tests
[    2.041094] scsi target2:0:1: Ending Domain Validation
[    2.042895] scsi target2:0:1: asynchronous
[    2.051487] sd 2:0:0:0: Attached scsi generic sg0 type 0
[    2.052819] sd 2:0:0:0: [sda] 20971520 512-byte logical blocks: (10.7 GB/10.0 GiB)
[    2.055093] sd 2:0:1:0: Attached scsi generic sg1 type 0
[    2.056396] sd 2:0:1:0: [sdb] 20480 512-byte logical blocks: (10.5 MB/10.0 MiB)
[    2.058831] sd 2:0:0:0: [sda] Write Protect is off
[    2.060198] sd 2:0:1:0: [sdb] Write Protect is off
[    2.060292] sd 2:0:0:0: [sda] Incomplete mode parameter data
[    2.060293] sd 2:0:0:0: [sda] Assuming drive cache: write through
[    2.064688] sd 2:0:1:0: [sdb] Incomplete mode parameter data
[    2.065720]  sda: sda1
[    2.066984] sd 2:0:1:0: [sdb] Assuming drive cache: write through
[    2.069407] sd 2:0:0:0: [sda] Attached SCSI disk
[    2.075042] sd 2:0:1:0: [sdb] Attached SCSI disk
Begin: Loading essential drivers ... [    3.501251] md: linear personality registered for level -1
[    3.504698] md: multipath personality registered for level -4
[    3.508327] md: raid0 personality registered for level 0
[    3.513265] md: raid1 personality registered for level 1
[    3.585594] raid6: sse2x1   gen() 12559 MB/s
[    3.653872] raid6: sse2x1   xor()  9398 MB/s
[    3.721728] raid6: sse2x2   gen() 15684 MB/s
[    3.789558] raid6: sse2x2   xor() 10836 MB/s
[    3.857501] raid6: sse2x4   gen() 17111 MB/s
[    3.925510] raid6: sse2x4   xor() 10756 MB/s
[    3.993774] raid6: avx2x1   gen() 22308 MB/s
[    4.061573] raid6: avx2x2   gen() 24126 MB/s
[    4.129496] raid6: avx2x4   gen() 28101 MB/s
[    4.130470] raid6: using algorithm avx2x4 gen() 28101 MB/s
[    4.131577] raid6: using avx2x2 recovery algorithm
[    4.134156] xor: automatically using best checksumming function:
[    4.173826]    avx       : 27629.000 MB/sec
[    4.176674] async_tx: api initialized (async)
[    4.187093] md: raid6 personality registered for level 6
[    4.188277] md: raid5 personality registered for level 5
[    4.189443] md: raid4 personality registered for level 4
[    4.196827] md: raid10 personality registered for level 10
done.
Begin: Running /scripts/init-premount ... done.
Begin: Mounting root file system ... Begin: Running /scripts/local-top ... done.
Begin: Running /scripts/local-premount ... [    4.225080] Btrfs loaded
Scanning for Btrfs filesystems
done.
Warning: fsck not present, so skipping root file system
[    4.270270] EXT4-fs (sda1): mounted filesystem with ordered data mode. Opts: (null)
done.
Begin: Running /scripts/local-bottom ... done.
Begin: Running /scripts/init-bottom ... done.
[    4.380362] systemd[1]: systemd 229 running in system mode. (+PAM +AUDIT +SELINUX +IMA +APPARMOR +SMACK +SYSVINIT +UTMP +LIBCRYPTSETUP +GCRYPT +GNUTLS +ACL +XZ -LZ4 +SECCOMP +BLKID +ELFUTILS +KMOD -IDN)
[    4.384145] systemd[1]: Detected virtualization oracle.
[    4.385350] systemd[1]: Detected architecture x86-64.

Welcome to [1mUbuntu 16.04.6 LTS[0m!

[    4.390451] systemd[1]: Set hostname to <ubuntu-xenial>.
[    4.567266] systemd[1]: Listening on Syslog Socket.
[[0;32m  OK  [0m] Listening on Syslog Socket.
[    4.569221] systemd[1]: Reached target User and Group Name Lookups.
[[0;32m  OK  [0m] Reached target User and Group Name Lookups.
[    4.571800] systemd[1]: Listening on Journal Socket (/dev/log).
[[0;32m  OK  [0m] Listening on Journal Socket (/dev/log).
[    4.581973] systemd[1]: Listening on Device-mapper event daemon FIFOs.
[[0;32m  OK  [0m] Listening on Device-mapper event daemon FIFOs.
[    4.584849] systemd[1]: Created slice System Slice.
[[0;32m  OK  [0m] Created slice System Slice.
[    4.587488] systemd[1]: Created slice system-postgresql.slice.
[[0;32m  OK  [0m] Created slice system-postgresql.slice.
[    4.598226] systemd[1]: Reached target Swap.
[[0;32m  OK  [0m] Reached target Swap.
[    4.600217] systemd[1]: Listening on udev Control Socket.
[[0;32m  OK  [0m] Listening on udev Control Socket.
[    4.610009] systemd[1]: Listening on Journal Audit Socket.
[[0;32m  OK  [0m] Listening on Journal Audit Socket.
[    4.612215] systemd[1]: Listening on Journal Socket.
[[0;32m  OK  [0m] Listening on Journal Socket.
[    4.633647] systemd[1]: Starting Journal Service...
         Starting Journal Service...
[    4.638003] systemd[1]: Starting Create list of required static device nodes for the current kernel...
         Starting Create list of required st... nodes for the current kernel...
[    4.646637] systemd[1]: Starting Load Kernel Modules...
         Starting Load Kernel Modules...
[    4.654016] systemd[1]: Starting Remount Root and Kernel File Systems...
         Starting Remount Root and Kernel File Systems...
[    4.657433] systemd[1]: Starting Nameserver information manager...
         Starting Nameserver information manager...
[    4.666527] systemd[1]: Mounting POSIX Message Queue File System...

    4.668852] EXT4-fs (sda1): re-mounted. Opts: (null)
         Mounting POSIX Message Queue File System...
[    4.670453] systemd[1]: Started Trigger resolvconf update for networkd DNS.
[[0;32m  OK  [0m] Started Trigger resolvconf update for networkd DNS.
[    4.673824] Loading iSCSI transport class v2.0-870.
[    4.673905] systemd[1]: Reached target Encrypted Volumes.
[[0;32m  OK  [0m] Reached target Encrypted Volumes.
[    4.686049] iscsi: registered transport (tcp)
[    4.686084] systemd[1]: Listening on LVM2 poll daemon socket.
[[0;32m  OK  [0m] Listening on LVM2 poll daemon socket.
[    4.693644] systemd[1]: Listening on LVM2 metadata daemon socket.
[[0;32m  OK  [0m] Listening on LVM2 metadata daemon socket.
[    4.696013] systemd[1]: Set up automount Arbitrary Executable File Formats File System Automount Point.
[[0;32m  OK  [0m] Set up automount Arbitrary Executab...ats File System Automount Point.
[    4.709738] systemd[1]: Starting Uncomplicated firewall...
         Starting Uncomplicated firewall...
[    4.713668] systemd[1]: Reached target System Time Synchronized.
[[0;32m  OK  [0m] Reached target System Time Synchronized.
[    4.716353] systemd[1]: Listening on /dev/initctl Compatibility Named Pipe.
[[0;32m  OK  [0m] Listening on /dev/initctl Compatibility Named Pipe.
[    4.722318] iscsi: registered transport (iser)
[    4.726774] systemd[1]: Starting Monitoring of LVM2 mirrors, snapshots etc. using dmeventd or progress polling...
         Starting Monitoring of LVM2 mirrors... dmeventd or progress polling...
[    4.733591] systemd[1]: Starting Set console keymap...
         Starting Set console keymap...
[    4.735973] systemd[1]: Started Forward Password Requests to Wall Directory Watch.
[[0;32m  OK  [0m] Started Forward Password Requests to Wall Directory Watch.
[    4.743184] systemd[1]: Mounting Debug File System...
         Mounting Debug File System...
[    4.747754] systemd[1]: Created slice User and Session Slice.
[[0;32m  OK  [0m] Created slice User and Session Slice.
[    4.761726] systemd[1]: Reached target Slices.
[[0;32m  OK  [0m] Reached target Slices.
[    4.763937] systemd[1]: Listening on udev Kernel Socket.
[[0;32m  OK  [0m] Listening on udev Kernel Socket.
[    4.781877] systemd[1]: Mounting Huge Pages File System...
         Mounting Huge Pages File System...
[    4.786065] systemd[1]: Created slice system-serial\x2dgetty.slice.
[[0;32m  OK  [0m] Created slice system-serial\x2dgetty.slice.
[    4.792088] systemd[1]: Mounted Huge Pages File System.
[[0;32m  OK  [0m] Mounted Huge Pages File System.
[    4.794431] systemd[1]: Mounted POSIX Message Queue File System.
[[0;32m  OK  [0m] Mounted POSIX Message Queue File System.
[    4.797360] systemd[1]: Mounted Debug File System.
[[0;32m  OK  [0m] Mounted Debug File System.
[    4.799527] systemd[1]: Started Journal Service.
[[0;32m  OK  [0m] Started Journal Service.
[[0;32m  OK  [0m] Started Create list of required sta...ce nodes for the current kernel.
[[0;32m  OK  [0m] Started Load Kernel Modules.
[[0;32m  OK  [0m] Started Remount Root and Kernel File Systems.
[[0;32m  OK  [0m] Started Uncomplicated firewall.
[[0;32m  OK  [0m] Started Set console keymap.
[[0;32m  OK  [0m] Started Nameserver information manager.
[[0;32m  OK  [0m] Started LVM2 metadata daemon.
         Starting udev Coldplug all Devices...
         Starting Load/Save Random Seed...
         Mounting FUSE Control File System...
         Starting Apply Kernel Variables...
         Starting Create Static Device Nodes in /dev...
         Starting Flush Journal to Persistent Storage...
[[0;32m  OK  [0m] Mounted FUSE Control File System.
[[0;32m  OK  [0m] Started Load/Save Random Seed.
[[0;32m  OK  [0m] Started Apply Kernel Variables.
[[0;32m  OK  [0m] Started Flush Journal to Persistent Storage.
[[0;32m  OK  [0m] Started Create Static Device Nodes in /dev.
         Starting udev Kernel Device Manager...
[[0;32m  OK  [0m] Started udev Coldplug all Devices.
[[0;32m  OK  [0m] Started udev Kernel Device Manager.
[[0;32m  OK  [0m] Started Dispatch Password Requests to Console Directory Watch.
[[0;32m  OK  [0m] Found device /dev/ttyS0.
[[0;32m  OK  [0m] Listening on Load/Save RF Kill Switch Status /dev/rfkill Watch.
[[0;32m  OK  [0m] Found device 82540EM Gigabit Ethern...r (PRO/1000 MT Desktop Adapter).
[[0;32m  OK  [0m] Started Monitoring of LVM2 mirrors,...ng dmeventd or progress polling.
[[0;32m  OK  [0m] Reached target Local File Systems (Pre).
[[0;32m  OK  [0m] Reached target Local File Systems.
         Starting Set console font and keymap...
         Starting Create Volatile Files and Directories...
         Starting LSB: AppArmor initialization...
         Starting Tell Plymouth To Write Out Runtime Data...
         Starting Initial cloud-init job (pre-networking)...
[[0;32m  OK  [0m] Started Create Volatile Files and Directories.
[[0;32m  OK  [0m] Started Tell Plymouth To Write Out Runtime Data.
         Starting Update UTMP about System Boot/Shutdown...
[[0;32m  OK  [0m] Started Update UTMP about System Boot/Shutdown.
[[0;32m  OK  [0m] Started Set console font and keymap.
[[0;32m  OK  [0m] Created slice system-getty.slice.
[[0;32m  OK  [0m] Started LSB: AppArmor initialization.
[    7.216519] cloud-init[667]: Cloud-init v. 19.2-36-g059d049c-0ubuntu2~16.04.1 running 'init-local' at Thu, 26 Mar 2020 09:29:09 +0000. Up 6.90 seconds.
[[0;32m  OK  [0m] Started Initial cloud-init job (pre-networking).
[[0;32m  OK  [0m] Reached target Network (Pre).
         Starting Raise network interfaces...
[[0;32m  OK  [0m] Started ifup for enp0s3.
[[0;32m  OK  [0m] Started Raise network interfaces.
         Starting Initial cloud-init job (metadata service crawler)...
[[0;32m  OK  [0m] Reached target Network.
[    8.081198] cloud-init[987]: Cloud-init v. 19.2-36-g059d049c-0ubuntu2~16.04.1 running 'init' at Thu, 26 Mar 2020 09:29:10 +0000. Up 7.77 seconds.
[    8.082966] cloud-init[987]: ci-info: ++++++++++++++++++++++++++++++++++++++Net device info++++++++++++++++++++++++++++++++++++++
[    8.084872] cloud-init[987]: ci-info: +--------+------+----------------------------+---------------+--------+-------------------+
[    8.086683] cloud-init[987]: ci-info: | Device |  Up  |          Address           |      Mask     | Scope  |     Hw-Address    |
[    8.088292] cloud-init[987]: ci-info: +--------+------+----------------------------+---------------+--------+-------------------+
[    8.089785] cloud-init[987]: ci-info: | enp0s3 | True |         10.0.2.15          | 255.255.255.0 | global | 02:6a:5b:40:72:6f |
[    8.091507] cloud-init[987]: ci-info: | enp0s3 | True | fe80::6a:5bff:fe40:726f/64 |       .       |  link  | 02:6a:5b:40:72:6f |
[    8.093123] cloud-init[987]: ci-info: |   lo   | True |         127.0.0.1          |   255.0.0.0   |  host  |         .         |
[    8.095180] cloud-init[987]: ci-info: |   lo   | True |          ::1/128           |       .       |  host  |         .         |
[    8.096791] cloud-init[987]: ci-info: +--------+------+----------------------------+---------------+--------+-------------------+
[    8.098273] cloud-init[987]: ci-info: +++++++++++++++++++++++++++Route IPv4 info++++++++++++++++++++++++++++
[    8.105283] cloud-init[987]: ci-info: +-------+-------------+----------+---------------+-----------+-------+
[    8.113037] cloud-init[987]: ci-info: | Route | Destination | Gateway  |    Genmask    | Interface | Flags |
[    8.114402] cloud-init[987]: ci-info: +-------+-------------+----------+---------------+-----------+-------+
[    8.115839] cloud-init[987]: ci-info: |   0   |   0.0.0.0   | 10.0.2.2 |    0.0.0.0    |   enp0s3  |   UG  |
[    8.117349] cloud-init[987]: ci-info: |   1   |   10.0.2.0  | 0.0.0.0  | 255.255.255.0 |   enp0s3  |   U   |
[    8.124783] cloud-init[987]: ci-info: +-------+-------------+----------+---------------+-----------+-------+
[    8.132651] cloud-init[987]: ci-info: +++++++++++++++++++Route IPv6 info+++++++++++++++++++
[    8.134221] cloud-init[987]: ci-info: +-------+-------------+---------+-----------+-------+
[    8.135607] cloud-init[987]: ci-info: | Route | Destination | Gateway | Interface | Flags |
[    8.140638] cloud-init[987]: ci-info: +-------+-------------+---------+-----------+-------+
[    8.142457] cloud-init[987]: ci-info: |   0   |  fe80::/64  |    ::   |   enp0s3  |   U   |
[    8.143987] cloud-init[987]: ci-info: |   3   |   ff00::/8  |    ::   |   enp0s3  |   U   |
[    8.153096] cloud-init[987]: ci-info: +-------+-------------+---------+-----------+-------+
[[0;32m  OK  [0m] Started Initial cloud-init job (metadata service crawler).
[[0;32m  OK  [0m] Reached target System Initialization.
[[0;32m  OK  [0m] Listening on ACPID Listen Socket.
[[0;32m  OK  [0m] Listening on D-Bus System Message Bus Socket.
         Starting LXD - unix socket.
[[0;32m  OK  [0m] Started ACPI Events Check.
[[0;32m  OK  [0m] Reached target Paths.
[[0;32m  OK  [0m] Started Message of the Day.
[[0;32m  OK  [0m] Listening on UUID daemon activation socket.
[[0;32m  OK  [0m] Started Daily apt download activities.
[[0;32m  OK  [0m] Started Daily apt upgrade and clean activities.
[[0;32m  OK  [0m] Started Daily Cleanup of Temporary Directories.
[[0;32m  OK  [0m] Reached target Timers.
         Starting Socket activation for snappy daemon.
[[0;32m  OK  [0m] Reached target Cloud-config availability.
[[0;32m  OK  [0m] Reached target Network is Online.
         Starting iSCSI initiator daemon (iscsid)...
[[0;32m  OK  [0m] Listening on LXD - unix socket.
[[0;32m  OK  [0m] Listening on Socket activation for snappy daemon.
[[0;32m  OK  [0m] Reached target Sockets.
[[0;32m  OK  [0m] Reached target Basic System.
         Starting LSB: Record successful boot for GRUB...
[[0;32m  OK  [0m] Started Regular background program processing daemon.
[[0;32m  OK  [0m] Started FUSE filesystem for LXC.
         Starting LSB: MD monitoring daemon...
         Starting Accounts Service...
         Starting /etc/rc.local Compatibility...
         Starting Login Service...
[[0;32m  OK  [0m] Started Deferred execution scheduler.
         Starting Message of the Day...
         Starting System Logging Service...
[[0;32m  OK  [0m] Started D-Bus System Message Bus.
         Starting PostgreSQL Cluster 9.5-main...
         Starting Virtualbox guest utils...
[[0;32m  OK  [0m] Started ACPI event daemon.
         Starting LXD - container startup/shutdown...
         Starting OpenBSD Secure Shell server...
         Starting Snappy daemon...
[[0;32m  OK  [0m] Started System Logging Service.
[[0;32m  OK  [0m] Started iSCSI initiator daemon (iscsid).
[[0;32m  OK  [0m] Started /etc/rc.local Compatibility.
         Starting Login to default iSCSI targets...
[[0;32m  OK  [0m] Started Login Service.
         Starting Authenticate and Authorize Users to Run Privileged Tasks...
[[0;32m  OK  [0m] Started Unattended Upgrades Shutdown.
[[0;32m  OK  [0m] Started LSB: Record successful boot for GRUB.
[[0;32m  OK  [0m] Started LSB: MD monitoring daemon.
[[0;32m  OK  [0m] Started Login to default iSCSI targets.
[[0;32m  OK  [0m] Reached target Remote File Systems (Pre).
[[0;32m  OK  [0m] Reached target Remote File Systems.
         Starting Permit User Sessions...
         Starting LSB: Start Tomcat....
         Starting LSB: daemon to balance interrupts for SMP systems...
         Starting LSB: Apache2 web server...
         Starting LSB: Start/stop sysstat's sadc...
         Starting LSB: automatic crash report generation...
         Starting LSB: Set the CPU Frequency Scaling governor to "ondemand"...
[[0;32m  OK  [0m] Started Permit User Sessions.
[[0;32m  OK  [0m] Started Authenticate and Authorize Users to Run Privileged Tasks.
[[0;32m  OK  [0m] Started Accounts Service.
         Starting Terminate Plymouth Boot Screen...
         Starting Hold until boot process finishes up...
[[0;32m  OK  [0m] Started Terminate Plymouth Boot Screen.
[[0;32m  OK  [0m] Started Hold until boot process finishes up.
[[0;32m  OK  [0m] Started Getty on tty1.
         Starting Set console scheme...
[[0;32m  OK  [0m] Started Serial Getty on ttyS0.
[[0;32m  OK  [0m] Reached target Login Prompts.
[[0;32m  OK  [0m] Started LSB: daemon to balance interrupts for SMP systems.
[[0;32m  OK  [0m] Started Virtualbox guest utils.
[[0;32m  OK  [0m] Started Set console scheme.
[[0;32m  OK  [0m] Started OpenBSD Secure Shell server.
[[0;32m  OK  [0m] Started LSB: Set the CPU Frequency Scaling governor to "ondemand".
[[0;32m  OK  [0m] Started LSB: Start/stop sysstat's sadc.
[[0;32m  OK  [0m] Started LSB: automatic crash report generation.
[[0;32m  OK  [0m] Started LXD - container startup/shutdown.
[[0;32m  OK  [0m] Started Snappy daemon.
         Starting Wait until snapd is fully seeded...
[[0;32m  OK  [0m] Started Wait until snapd is fully seeded.
         Starting Apply the settings specified in cloud-config...
[[0;32m  OK  [0m] Started Message of the Day.
[[0;32m  OK  [0m] Started LSB: Apache2 web server.
[   10.357428] cloud-init[1334]: Cloud-init v. 19.2-36-g059d049c-0ubuntu2~16.04.1 running 'modules:config' at Thu, 26 Mar 2020 09:29:12 +0000. Up 10.10 seconds.
[[0;32m  OK  [0m] Started Apply the settings specified in cloud-config.
[[0;32m  OK  [0m] Started PostgreSQL Cluster 9.5-main.
         Starting PostgreSQL RDBMS...
[[0;32m  OK  [0m] Started PostgreSQL RDBMS.
[[0;32m  OK  [0m] Created slice User Slice of vagrant.
         Starting User Manager for UID 1000...
[[0;32m  OK  [0m] Started Session 1 of user vagrant.
[[0;32m  OK  [0m] Started User Manager for UID 1000.
[   14.499923] cloud-init[1526]: Cloud-init v. 19.2-36-g059d049c-0ubuntu2~16.04.1 running 'modules:final' at Thu, 26 Mar 2020 09:29:17 +0000. Up 14.37 seconds.
[   14.500131] cloud-init[1526]: Cloud-init v. 19.2-36-g059d049c-0ubuntu2~16.04.1 finished at Thu, 26 Mar 2020 09:29:17 +0000. Datasource DataSourceNoCloud [seed=/dev/sdb][dsmode=net].  Up 14.49 seconds

Ubuntu 16.04.6 LTS ubuntu-xenial ttyS0

ubuntu-xenial login: 